// Jest Snapshot v1, https://goo.gl/fbAQLP

exports[`renders learn react link 1`] = `
<div>
  <section>
    <h1>
      TSQAPP
    </h1>
  </section>
</div>
`;
